You might want to check out './gradlew :faq' if your build fails.
